Copyright 1986-2018 Xilinx, Inc. All Rights Reserved.
-------------------------------------------------------------------------------------
| Tool Version : Vivado v.2018.3 (win64) Build 2405991 Thu Dec  6 23:38:27 MST 2018
| Date         : Fri Jan 14 14:45:22 2022
| Host         : LAPTOP-FI2A30MP running 64-bit major release  (build 9200)
| Command      : report_control_sets -verbose -file top_vhdl_control_sets_placed.rpt
| Design       : top_vhdl
| Device       : xc7a100t
-------------------------------------------------------------------------------------

Control Set Information

Table of Contents
-----------------
1. Summary
2. Histogram
3. Flip-Flop Distribution
4. Detailed Control Set Information

1. Summary
----------

+----------------------------------------------------------+-------+
|                          Status                          | Count |
+----------------------------------------------------------+-------+
| Number of unique control sets                            |    10 |
| Unused register locations in slices containing registers |     9 |
+----------------------------------------------------------+-------+


2. Histogram
------------

+--------+--------------+
| Fanout | Control Sets |
+--------+--------------+
|    16+ |           10 |
+--------+--------------+


3. Flip-Flop Distribution
-------------------------

+--------------+-----------------------+------------------------+-----------------+--------------+
| Clock Enable | Synchronous Set/Reset | Asynchronous Set/Reset | Total Registers | Total Slices |
+--------------+-----------------------+------------------------+-----------------+--------------+
| No           | No                    | No                     |              33 |           15 |
| No           | No                    | Yes                    |               0 |            0 |
| No           | Yes                   | No                     |               0 |            0 |
| Yes          | No                    | No                     |              94 |           27 |
| Yes          | No                    | Yes                    |               0 |            0 |
| Yes          | Yes                   | No                     |             144 |           40 |
+--------------+-----------------------+------------------------+-----------------+--------------+


4. Detailed Control Set Information
-----------------------------------

+----------------------+--------------------------------+------------------------------+------------------+----------------+
|     Clock Signal     |          Enable Signal         |       Set/Reset Signal       | Slice Load Count | Bel Load Count |
+----------------------+--------------------------------+------------------------------+------------------+----------------+
|  m_clk/inst/axis_clk | m_i2s2/tx_data_l_shift0_in[23] |                              |                4 |             23 |
|  m_clk/inst/axis_clk | m_i2s2/tx_data_r_shift[23]     |                              |                4 |             23 |
|  m_clk/inst/axis_clk | m_vc/E[0]                      | m_i2s2/rx_data_l[23]_i_1_n_0 |                5 |             24 |
|  m_clk/inst/axis_clk | m_vc/tx_axis_s_ready_reg[0]    | m_i2s2/rx_data_l[23]_i_1_n_0 |                7 |             24 |
|  m_clk/inst/axis_clk | m_i2s2/rx_axis_m_last_reg_4    | m_i2s2/rx_axis_m_last_reg_7  |                6 |             24 |
|  m_clk/inst/axis_clk | m_i2s2/rx_data_l_shift_2       |                              |               11 |             24 |
|  m_clk/inst/axis_clk | m_i2s2/rx_data_r_shift_1       |                              |                8 |             24 |
|  m_clk/inst/axis_clk | m_i2s2/rx_axis_m_last_reg_5    | m_i2s2/rx_axis_m_last_reg_6  |                7 |             24 |
|  m_clk/inst/axis_clk |                                |                              |               15 |             33 |
|  m_clk/inst/axis_clk | m_i2s2/rx_data_l0              | m_i2s2/rx_data_l[23]_i_1_n_0 |               15 |             48 |
+----------------------+--------------------------------+------------------------------+------------------+----------------+


